{"records":[{"id":"00000000-0000-0000-0000-000000000001","clockIn":"2006-01-02T00:00:00Z","clockOut":"2006-01-02T08:00:00Z"}]}